<html>
<body>
<pre>
<h1>µVision Build Log</h1>
<h2>Tool Versions:</h2>
IDE-Version: ¦ÌVision V5.24.2.0
Copyright (C) 2017 ARM Ltd and ARM Germany GmbH. All rights reserved.
License Information: A 264264, A, LIC=VGXG8-3Q9WQ-01KP1-CJNA4-UHXE9-8U8GL
 
Tool Versions:
Toolchain:       MDK-ARM Plus  Version: 5.24.1
Toolchain Path:  G:\KEIL5MDK\install\ARM\ARMCC\Bin
C Compiler:      Armcc.exe V5.06 update 5 (build 528)
Assembler:       Armasm.exe V5.06 update 5 (build 528)
Linker/Locator:  ArmLink.exe V5.06 update 5 (build 528)
Library Manager: ArmAr.exe V5.06 update 5 (build 528)
Hex Converter:   FromElf.exe V5.06 update 5 (build 528)
CPU DLL:         SARMCM3.DLL V5.24.1
Dialog DLL:      DCM.DLL V1.16.0.0
Target DLL:      CMSIS_AGDI.dll V1.28.3.0
Dialog DLL:      TCM.DLL V1.32.0.0
 
<h2>Project:</h2>
F:\bear_chenxu\C8T6 qudong ADS124S08 -VSCODE\MDK-ARM\C8T6 qudong ADS124S08.uvprojx
Project File Date:  03/24/2026

<h2>Output:</h2>
*** Using Compiler 'V5.06 update 5 (build 528)', folder: 'G:\KEIL5MDK\install\ARM\ARMCC\Bin'
Build target 'C8T6 qudong ADS124S08'
compiling stm32f1xx_it.c...
compiling usart.c...
compiling ads124s08.c...
ads124s08.c(545): warning:  #177-D: function "ADS124S08_Calibrate"  was declared but never referenced
  static unsigned char ADS124S08_Calibrate(unsigned char Gain)  
ads124s08.c: 1 warning, 0 errors
compiling main.c...
compiling kx134.c...
linking...
Program Size: Code=10692 RO-data=312 RW-data=2212 ZI-data=1588  
FromELF: creating hex file...
"C8T6 qudong ADS124S08\C8T6 qudong ADS124S08.axf" - 0 Error(s), 1 Warning(s).

<h2>Software Packages used:</h2>

Package Vendor: ARM
                http://www.keil.com/pack/ARM.CMSIS.5.6.0.pack
                ARM.CMSIS.5.6.0
                CMSIS (Cortex Microcontroller Software Interface Standard)
   * Component: CORE Version: 5.3.0

Package Vendor: Keil
                http://www.keil.com/pack/Keil.STM32F1xx_DFP.2.2.0.pack
                Keil.STM32F1xx_DFP.2.2.0
                STMicroelectronics STM32F1 Series Device Support, Drivers and Examples

<h2>Collection of Component include folders:</h2>
  .\RTE\_C8T6_qudong_ADS124S08
  G:\KEIL5MDK\install\ARM\PACK\ARM\CMSIS\5.6.0\CMSIS\Core\Include
  G:\KEIL5MDK\install\ARM\PACK\Keil\STM32F1xx_DFP\2.2.0\Device\Include

<h2>Collection of Component Files used:</h2>

   * Component: ARM::CMSIS:CORE:5.3.0
Build Time Elapsed:  00:00:03
</pre>
</body>
</html>
